[weddingpost.ru/template/invent/indexa420.html]
[backblue.gif]
[fade.gif]
[index.html]
[weddingpost.ru/cabinet/constructor/bg/all/17.png]
[weddingpost.ru/cabinet/constructor/pattern/all/11.png]
[weddingpost.ru/cabinet/constructor/plate/808/upl5357.png]
[weddingpost.ru/cabinet/constructor/pattern/808/upl5364.jpg]
[weddingpost.ru/cabinet/constructor/pattern/all/10.png]
[maxcdn.bootstrapcdn.com/bootstrap/3.3.6/css/bootstrap.min.css]
[weddingpost.ru/src/css/cabinet0e96.css]
[weddingpost.ru/template/invent/userinvent0e96.css]
[ajax.googleapis.com/ajax/libs/jquery/2.0.3/jquery.min.js]
[cdn.jsdelivr.net/npm/canvas-confetti@1.5.1/dist/confetti.browser.min.js]
[maxcdn.bootstrapcdn.com/bootstrap/3.3.6/js/bootstrap.min.js]
[weddingpost.ru/template/invent/userinvent0e96.js]
[weddingpost.ru/template/userlib.min0e96.js]
[weddingpost.ru/template/invent/indexa420.html]
[maxcdn.bootstrapcdn.com/bootstrap/3.3.6/css/bootstrap.min.css]
[unpkg.com/twemoji@14.0.2/dist/twemoji.min.js]
[weddingpost.ru/src/img/logo_new.png]
[weddingpost.ru/src/img/img_constructor.png]
[weddingpost.ru/src/img/eframe.png]
[weddingpost.ru/src/img/eframe_iphone.png]
[weddingpost.ru/src/img/hands-up.png]
[weddingpost.ru/src/img/mp_key.png]
[weddingpost.ru/src/img/mp_main.png]
[weddingpost.ru/src/img/bgmap.jpg]
[weddingpost.ru/src/img/cards.png]
[weddingpost.ru/src/img/logo.png]
[weddingpost.ru/src/img/constructor_fade_in.png]
[weddingpost.ru/src/img/constructor_fade_out.png]
[weddingpost.ru/src/img/nopay.png]
[weddingpost.ru/src/img/envelope_open.png]
[weddingpost.ru/src/img/envelope_template.png]
[weddingpost.ru/src/img/envelope.png]
[weddingpost.ru/src/img/academy.jpg]
[weddingpost.ru/src/img/academy_text.png]
[weddingpost.ru/src/img/logo_black_new.png]
[weddingpost.ru/src/img/nav_active_black.png]
[weddingpost.ru/src/img/nav_active.png]
[weddingpost.ru/src/img/printing.png]
[weddingpost.ru/src/img/QR_mask.png]
[weddingpost.ru/src/img/newlogo_min.png]
[weddingpost.ru/src/img/start1.png]
[weddingpost.ru/src/img/start2.png]
[weddingpost.ru/src/img/start3.png]
[weddingpost.ru/src/img/start4.png]
[weddingpost.ru/src/img/icon_ring.png]
[weddingpost.ru/src/img/icon_admin.png]
[weddingpost.ru/src/img/icon_designer.png]
[weddingpost.ru/src/img/icon_cal.png]
[weddingpost.ru/src/img/icon_mail.png]
[weddingpost.ru/src/img/asac4ca.png]
[weddingpost.ru/src/css/cabinet0e96.css]
[weddingpost.ru/src/img/fon_seating.png]
[weddingpost.ru/src/img/spoon_seating.png]
[weddingpost.ru/src/img/clips_seating.png]
[weddingpost.ru/template/invent/userinvent0e96.css]
[weddingpost.ru/template/invent/url(https_/wdpst.store/QRgen77c2.php]
[weddingpost.ru/template/invent/userinvent0e96.js]
[weddingpost.ru/template/userlib.min0e96.js]
[weddingpost.ru/src/img/banner.html]
[weddingpost.ru/src/img/iphone5.html]
[weddingpost.ru/src/img/imac.html]
[weddingpost.ru/src/img/shield.html]
[weddingpost.ru/src/img/banner_smart.html]
[weddingpost.ru/img/logo.html]
[weddingpost.ru/template/invent/url(https_/wdpst.store/QRgen77c2.html]
[weddingpost.ru/plate/all/none.html]
[weddingpost.ru/template/invent/Popover requires tooltip.html]
[weddingpost.ru/template/invent/userinventd7d2.html]
